// Jest Snapshot v1, https://goo.gl/fbAQLP

exports[`AddExpensePage Component Test should render AddExpensePage correctly 1`] = `
<div>
  <h1>
    This is add expense page!
  </h1>
  <ExpenseForm
    onSubmit={[Function]}
  />
</div>
`;
