// Jest Snapshot v1, https://goo.gl/fbAQLP

exports[`Header component snapshot test - using enzyme 1`] = `
<div>
  <h1>
    Expensity App
  </h1>
  <div>
    <NavLink
      activeClassName="is-active"
      aria-current="page"
      exact={true}
      to="/"
    >
      Dashboard
    </NavLink>
    <NavLink
      activeClassName="is-active"
      aria-current="page"
      to="/create"
    >
      Add
    </NavLink>
    <NavLink
      activeClassName="is-active"
      aria-current="page"
      to="/help"
    >
      Help
    </NavLink>
  </div>
</div>
`;
