// Jest Snapshot v1, https://goo.gl/fbAQLP

exports[`Login Page test suit LoginPage should render correctly 1`] = `
<div>
  <button
    onClick={[MockFunction]}
  >
    Login
  </button>
</div>
`;
